[0.002s][debug][gc,heap] Minimum heap 33554432  Initial heap 33554432  Maximum heap 33554432
[0,065s][debug][gc,heap] GC(0) Heap before GC invocations=0 (full 0):
[0,065s][debug][gc,heap] GC(0)  garbage-first heap   total 32768K, used 14260K [0x00000000fe000000, 0x0000000100000000)
[0,065s][debug][gc,heap] GC(0)   region size 1024K, 14 young (14336K), 0 survivors (0K)
[0,065s][debug][gc,heap] GC(0)  Metaspace       used 559K, committed 704K, reserved 1114112K
[0,065s][debug][gc,heap] GC(0)   class space    used 35K, committed 128K, reserved 1048576K
[0,066s][info ][gc,heap] GC(0) Eden regions: 14->0(17)
[0,066s][info ][gc,heap] GC(0) Survivor regions: 0->1(2)
[0,066s][info ][gc,heap] GC(0) Old regions: 0->0
[0,066s][info ][gc,heap] GC(0) Archive regions: 2->2
[0,066s][info ][gc,heap] GC(0) Humongous regions: 0->0
[0,066s][debug][gc,heap] GC(0) Heap after GC invocations=1 (full 0):
[0,066s][debug][gc,heap] GC(0)  garbage-first heap   total 32768K, used 1444K [0x00000000fe000000, 0x0000000100000000)
[0,066s][debug][gc,heap] GC(0)   region size 1024K, 1 young (1024K), 1 survivors (1024K)
[0,066s][debug][gc,heap] GC(0)  Metaspace       used 559K, committed 704K, reserved 1114112K
[0,066s][debug][gc,heap] GC(0)   class space    used 35K, committed 128K, reserved 1048576K
[0,069s][debug][gc,heap] GC(1) Heap before GC invocations=1 (full 0):
[0,069s][debug][gc,heap] GC(1)  garbage-first heap   total 32768K, used 17828K [0x00000000fe000000, 0x0000000100000000)
[0,069s][debug][gc,heap] GC(1)   region size 1024K, 18 young (18432K), 1 survivors (1024K)
[0,069s][debug][gc,heap] GC(1)  Metaspace       used 599K, committed 768K, reserved 1114112K
[0,069s][debug][gc,heap] GC(1)   class space    used 45K, committed 128K, reserved 1048576K
[0,069s][info ][gc,heap] GC(1) Eden regions: 17->0(18)
[0,069s][info ][gc,heap] GC(1) Survivor regions: 1->1(3)
[0,069s][info ][gc,heap] GC(1) Old regions: 0->0
[0,069s][info ][gc,heap] GC(1) Archive regions: 2->2
[0,069s][info ][gc,heap] GC(1) Humongous regions: 0->0
[0,069s][debug][gc,heap] GC(1) Heap after GC invocations=2 (full 0):
[0,069s][debug][gc,heap] GC(1)  garbage-first heap   total 32768K, used 1356K [0x00000000fe000000, 0x0000000100000000)
[0,069s][debug][gc,heap] GC(1)   region size 1024K, 1 young (1024K), 1 survivors (1024K)
[0,069s][debug][gc,heap] GC(1)  Metaspace       used 599K, committed 768K, reserved 1114112K
[0,069s][debug][gc,heap] GC(1)   class space    used 45K, committed 128K, reserved 1048576K
[0,071s][debug][gc,heap] GC(2) Heap before GC invocations=2 (full 0):
[0,071s][debug][gc,heap] GC(2)  garbage-first heap   total 32768K, used 18764K [0x00000000fe000000, 0x0000000100000000)
[0,071s][debug][gc,heap] GC(2)   region size 1024K, 19 young (19456K), 1 survivors (1024K)
[0,071s][debug][gc,heap] GC(2)  Metaspace       used 637K, committed 768K, reserved 1114112K
[0,071s][debug][gc,heap] GC(2)   class space    used 50K, committed 128K, reserved 1048576K
[0,071s][info ][gc,heap] GC(2) Eden regions: 18->0(18)
[0,071s][info ][gc,heap] GC(2) Survivor regions: 1->1(3)
[0,071s][info ][gc,heap] GC(2) Old regions: 0->0
[0,071s][info ][gc,heap] GC(2) Archive regions: 2->2
[0,071s][info ][gc,heap] GC(2) Humongous regions: 0->0
[0,071s][debug][gc,heap] GC(2) Heap after GC invocations=3 (full 0):
[0,071s][debug][gc,heap] GC(2)  garbage-first heap   total 32768K, used 1385K [0x00000000fe000000, 0x0000000100000000)
[0,071s][debug][gc,heap] GC(2)   region size 1024K, 1 young (1024K), 1 survivors (1024K)
[0,071s][debug][gc,heap] GC(2)  Metaspace       used 637K, committed 768K, reserved 1114112K
[0,071s][debug][gc,heap] GC(2)   class space    used 50K, committed 128K, reserved 1048576K
[0,072s][debug][gc,heap] GC(3) Heap before GC invocations=3 (full 0):
[0,072s][debug][gc,heap] GC(3)  garbage-first heap   total 32768K, used 18793K [0x00000000fe000000, 0x0000000100000000)
[0,072s][debug][gc,heap] GC(3)   region size 1024K, 19 young (19456K), 1 survivors (1024K)
[0,072s][debug][gc,heap] GC(3)  Metaspace       used 688K, committed 832K, reserved 1114112K
[0,072s][debug][gc,heap] GC(3)   class space    used 54K, committed 128K, reserved 1048576K
[0,073s][info ][gc,heap] GC(3) Eden regions: 18->0(18)
[0,073s][info ][gc,heap] GC(3) Survivor regions: 1->1(3)
[0,073s][info ][gc,heap] GC(3) Old regions: 0->0
[0,073s][info ][gc,heap] GC(3) Archive regions: 2->2
[0,073s][info ][gc,heap] GC(3) Humongous regions: 0->0
[0,073s][debug][gc,heap] GC(3) Heap after GC invocations=4 (full 0):
[0,073s][debug][gc,heap] GC(3)  garbage-first heap   total 32768K, used 1425K [0x00000000fe000000, 0x0000000100000000)
[0,073s][debug][gc,heap] GC(3)   region size 1024K, 1 young (1024K), 1 survivors (1024K)
[0,073s][debug][gc,heap] GC(3)  Metaspace       used 688K, committed 832K, reserved 1114112K
[0,073s][debug][gc,heap] GC(3)   class space    used 54K, committed 128K, reserved 1048576K
[0,074s][debug][gc,heap] GC(4) Heap before GC invocations=4 (full 0):
[0,074s][debug][gc,heap] GC(4)  garbage-first heap   total 32768K, used 18833K [0x00000000fe000000, 0x0000000100000000)
[0,074s][debug][gc,heap] GC(4)   region size 1024K, 19 young (19456K), 1 survivors (1024K)
[0,074s][debug][gc,heap] GC(4)  Metaspace       used 691K, committed 832K, reserved 1114112K
[0,074s][debug][gc,heap] GC(4)   class space    used 55K, committed 128K, reserved 1048576K
[0,075s][info ][gc,heap] GC(4) Eden regions: 18->0(18)
[0,075s][info ][gc,heap] GC(4) Survivor regions: 1->1(3)
[0,075s][info ][gc,heap] GC(4) Old regions: 0->0
[0,075s][info ][gc,heap] GC(4) Archive regions: 2->2
[0,075s][info ][gc,heap] GC(4) Humongous regions: 0->0
[0,075s][debug][gc,heap] GC(4) Heap after GC invocations=5 (full 0):
[0,075s][debug][gc,heap] GC(4)  garbage-first heap   total 32768K, used 1381K [0x00000000fe000000, 0x0000000100000000)
[0,075s][debug][gc,heap] GC(4)   region size 1024K, 1 young (1024K), 1 survivors (1024K)
[0,075s][debug][gc,heap] GC(4)  Metaspace       used 691K, committed 832K, reserved 1114112K
[0,075s][debug][gc,heap] GC(4)   class space    used 55K, committed 128K, reserved 1048576K
[0,198s][debug][gc,heap] GC(5) Heap before GC invocations=5 (full 0):
[0,198s][debug][gc,heap] GC(5)  garbage-first heap   total 32768K, used 20837K [0x00000000fe000000, 0x0000000100000000)
[0,198s][debug][gc,heap] GC(5)   region size 1024K, 19 young (19456K), 1 survivors (1024K)
[0,198s][debug][gc,heap] GC(5)  Metaspace       used 802K, committed 896K, reserved 1114112K
[0,198s][debug][gc,heap] GC(5)   class space    used 63K, committed 128K, reserved 1048576K
[0,199s][info ][gc,heap] GC(5) Eden regions: 18->0(18)
[0,199s][info ][gc,heap] GC(5) Survivor regions: 1->1(3)
[0,199s][info ][gc,heap] GC(5) Old regions: 0->0
[0,199s][info ][gc,heap] GC(5) Archive regions: 2->2
[0,199s][info ][gc,heap] GC(5) Humongous regions: 2->2
[0,199s][debug][gc,heap] GC(5) Heap after GC invocations=6 (full 0):
[0,199s][debug][gc,heap] GC(5)  garbage-first heap   total 32768K, used 3537K [0x00000000fe000000, 0x0000000100000000)
[0,199s][debug][gc,heap] GC(5)   region size 1024K, 1 young (1024K), 1 survivors (1024K)
[0,199s][debug][gc,heap] GC(5)  Metaspace       used 802K, committed 896K, reserved 1114112K
[0,199s][debug][gc,heap] GC(5)   class space    used 63K, committed 128K, reserved 1048576K
[0,595s][debug][gc,heap] GC(6) Heap before GC invocations=6 (full 0):
[0,595s][debug][gc,heap] GC(6)  garbage-first heap   total 32768K, used 20945K [0x00000000fe000000, 0x0000000100000000)
[0,595s][debug][gc,heap] GC(6)   region size 1024K, 19 young (19456K), 1 survivors (1024K)
[0,595s][debug][gc,heap] GC(6)  Metaspace       used 5903K, committed 6080K, reserved 1114112K
[0,595s][debug][gc,heap] GC(6)   class space    used 682K, committed 768K, reserved 1048576K
[0,600s][info ][gc,heap] GC(6) Eden regions: 18->0(16)
[0,600s][info ][gc,heap] GC(6) Survivor regions: 1->3(3)
[0,600s][info ][gc,heap] GC(6) Old regions: 0->0
[0,600s][info ][gc,heap] GC(6) Archive regions: 2->2
[0,600s][info ][gc,heap] GC(6) Humongous regions: 2->2
[0,600s][debug][gc,heap] GC(6) Heap after GC invocations=7 (full 0):
[0,600s][debug][gc,heap] GC(6)  garbage-first heap   total 32768K, used 5385K [0x00000000fe000000, 0x0000000100000000)
[0,600s][debug][gc,heap] GC(6)   region size 1024K, 3 young (3072K), 3 survivors (3072K)
[0,600s][debug][gc,heap] GC(6)  Metaspace       used 5903K, committed 6080K, reserved 1114112K
[0,600s][debug][gc,heap] GC(6)   class space    used 682K, committed 768K, reserved 1048576K
[0,601s][debug][gc,heap] GC(7) Heap before GC invocations=7 (full 0):
[0,601s][debug][gc,heap] GC(7)  garbage-first heap   total 32768K, used 20745K [0x00000000fe000000, 0x0000000100000000)
[0,601s][debug][gc,heap] GC(7)   region size 1024K, 19 young (19456K), 3 survivors (3072K)
[0,601s][debug][gc,heap] GC(7)  Metaspace       used 5903K, committed 6080K, reserved 1114112K
[0,601s][debug][gc,heap] GC(7)   class space    used 682K, committed 768K, reserved 1048576K
[0,604s][info ][gc,heap] GC(7) Eden regions: 16->0(18)
[0,604s][info ][gc,heap] GC(7) Survivor regions: 3->0(3)
[0,604s][info ][gc,heap] GC(7) Old regions: 0->3
[0,604s][info ][gc,heap] GC(7) Archive regions: 2->2
[0,604s][info ][gc,heap] GC(7) Humongous regions: 2->2
[0,604s][debug][gc,heap] GC(7) Heap after GC invocations=8 (full 0):
[0,604s][debug][gc,heap] GC(7)  garbage-first heap   total 32768K, used 5408K [0x00000000fe000000, 0x0000000100000000)
[0,604s][debug][gc,heap] GC(7)   region size 1024K, 0 young (0K), 0 survivors (0K)
[0,604s][debug][gc,heap] GC(7)  Metaspace       used 5903K, committed 6080K, reserved 1114112K
[0,604s][debug][gc,heap] GC(7)   class space    used 682K, committed 768K, reserved 1048576K
[0,605s][debug][gc,heap] GC(8) Heap before GC invocations=8 (full 0):
[0,605s][debug][gc,heap] GC(8)  garbage-first heap   total 32768K, used 22816K [0x00000000fe000000, 0x0000000100000000)
[0,605s][debug][gc,heap] GC(8)   region size 1024K, 18 young (18432K), 0 survivors (0K)
[0,605s][debug][gc,heap] GC(8)  Metaspace       used 5904K, committed 6080K, reserved 1114112K
[0,605s][debug][gc,heap] GC(8)   class space    used 682K, committed 768K, reserved 1048576K
[0,605s][info ][gc,heap] GC(8) Eden regions: 18->0(18)
[0,605s][info ][gc,heap] GC(8) Survivor regions: 0->0(3)
[0,605s][info ][gc,heap] GC(8) Old regions: 3->3
[0,605s][info ][gc,heap] GC(8) Archive regions: 2->2
[0,605s][info ][gc,heap] GC(8) Humongous regions: 2->2
[0,605s][debug][gc,heap] GC(8) Heap after GC invocations=9 (full 0):
[0,605s][debug][gc,heap] GC(8)  garbage-first heap   total 32768K, used 5408K [0x00000000fe000000, 0x0000000100000000)
[0,605s][debug][gc,heap] GC(8)   region size 1024K, 0 young (0K), 0 survivors (0K)
[0,605s][debug][gc,heap] GC(8)  Metaspace       used 5904K, committed 6080K, reserved 1114112K
[0,605s][debug][gc,heap] GC(8)   class space    used 682K, committed 768K, reserved 1048576K
[0,606s][debug][gc,heap] GC(9) Heap before GC invocations=9 (full 0):
[0,606s][debug][gc,heap] GC(9)  garbage-first heap   total 32768K, used 22816K [0x00000000fe000000, 0x0000000100000000)
[0,606s][debug][gc,heap] GC(9)   region size 1024K, 18 young (18432K), 0 survivors (0K)
[0,606s][debug][gc,heap] GC(9)  Metaspace       used 5904K, committed 6080K, reserved 1114112K
[0,606s][debug][gc,heap] GC(9)   class space    used 682K, committed 768K, reserved 1048576K
[0,606s][info ][gc,heap] GC(9) Eden regions: 18->0(18)
[0,606s][info ][gc,heap] GC(9) Survivor regions: 0->0(3)
[0,606s][info ][gc,heap] GC(9) Old regions: 3->3
[0,606s][info ][gc,heap] GC(9) Archive regions: 2->2
[0,606s][info ][gc,heap] GC(9) Humongous regions: 2->2
[0,606s][debug][gc,heap] GC(9) Heap after GC invocations=10 (full 0):
[0,606s][debug][gc,heap] GC(9)  garbage-first heap   total 32768K, used 5408K [0x00000000fe000000, 0x0000000100000000)
[0,606s][debug][gc,heap] GC(9)   region size 1024K, 0 young (0K), 0 survivors (0K)
[0,606s][debug][gc,heap] GC(9)  Metaspace       used 5904K, committed 6080K, reserved 1114112K
[0,606s][debug][gc,heap] GC(9)   class space    used 682K, committed 768K, reserved 1048576K
[0,608s][debug][gc,heap] GC(10) Heap before GC invocations=10 (full 0):
[0,608s][debug][gc,heap] GC(10)  garbage-first heap   total 32768K, used 22816K [0x00000000fe000000, 0x0000000100000000)
[0,608s][debug][gc,heap] GC(10)   region size 1024K, 18 young (18432K), 0 survivors (0K)
[0,608s][debug][gc,heap] GC(10)  Metaspace       used 5904K, committed 6080K, reserved 1114112K
[0,608s][debug][gc,heap] GC(10)   class space    used 682K, committed 768K, reserved 1048576K
[0,608s][info ][gc,heap] GC(10) Eden regions: 18->0(19)
[0,608s][info ][gc,heap] GC(10) Survivor regions: 0->0(3)
[0,608s][info ][gc,heap] GC(10) Old regions: 3->3
[0,608s][info ][gc,heap] GC(10) Archive regions: 2->2
[0,608s][info ][gc,heap] GC(10) Humongous regions: 2->2
[0,608s][debug][gc,heap] GC(10) Heap after GC invocations=11 (full 0):
[0,608s][debug][gc,heap] GC(10)  garbage-first heap   total 32768K, used 5408K [0x00000000fe000000, 0x0000000100000000)
[0,608s][debug][gc,heap] GC(10)   region size 1024K, 0 young (0K), 0 survivors (0K)
[0,608s][debug][gc,heap] GC(10)  Metaspace       used 5904K, committed 6080K, reserved 1114112K
[0,608s][debug][gc,heap] GC(10)   class space    used 682K, committed 768K, reserved 1048576K
[1,110s][debug][gc,heap] GC(11) Heap before GC invocations=11 (full 0):
[1,110s][debug][gc,heap] GC(11)  garbage-first heap   total 32768K, used 25888K [0x00000000fe000000, 0x0000000100000000)
[1,110s][debug][gc,heap] GC(11)   region size 1024K, 19 young (19456K), 0 survivors (0K)
[1,110s][debug][gc,heap] GC(11)  Metaspace       used 5904K, committed 6080K, reserved 1114112K
[1,110s][debug][gc,heap] GC(11)   class space    used 682K, committed 768K, reserved 1048576K
[1,110s][info ][gc,heap] GC(11) Eden regions: 19->0(18)
[1,110s][info ][gc,heap] GC(11) Survivor regions: 0->0(3)
[1,110s][info ][gc,heap] GC(11) Old regions: 3->3
[1,110s][info ][gc,heap] GC(11) Archive regions: 2->2
[1,110s][info ][gc,heap] GC(11) Humongous regions: 4->4
[1,110s][debug][gc,heap] GC(11) Heap after GC invocations=12 (full 0):
[1,110s][debug][gc,heap] GC(11)  garbage-first heap   total 32768K, used 7456K [0x00000000fe000000, 0x0000000100000000)
[1,110s][debug][gc,heap] GC(11)   region size 1024K, 0 young (0K), 0 survivors (0K)
[1,110s][debug][gc,heap] GC(11)  Metaspace       used 5904K, committed 6080K, reserved 1114112K
[1,110s][debug][gc,heap] GC(11)   class space    used 682K, committed 768K, reserved 1048576K
[1,111s][debug][gc,heap] GC(12) Heap before GC invocations=12 (full 0):
[1,111s][debug][gc,heap] GC(12)  garbage-first heap   total 32768K, used 24864K [0x00000000fe000000, 0x0000000100000000)
[1,111s][debug][gc,heap] GC(12)   region size 1024K, 18 young (18432K), 0 survivors (0K)
[1,111s][debug][gc,heap] GC(12)  Metaspace       used 5904K, committed 6080K, reserved 1114112K
[1,111s][debug][gc,heap] GC(12)   class space    used 682K, committed 768K, reserved 1048576K
[1,111s][info ][gc,heap] GC(12) Eden regions: 18->0(19)
[1,111s][info ][gc,heap] GC(12) Survivor regions: 0->0(3)
[1,111s][info ][gc,heap] GC(12) Old regions: 3->3
[1,111s][info ][gc,heap] GC(12) Archive regions: 2->2
[1,111s][info ][gc,heap] GC(12) Humongous regions: 4->4
[1,111s][debug][gc,heap] GC(12) Heap after GC invocations=13 (full 0):
[1,111s][debug][gc,heap] GC(12)  garbage-first heap   total 32768K, used 7456K [0x00000000fe000000, 0x0000000100000000)
[1,111s][debug][gc,heap] GC(12)   region size 1024K, 0 young (0K), 0 survivors (0K)
[1,111s][debug][gc,heap] GC(12)  Metaspace       used 5904K, committed 6080K, reserved 1114112K
[1,111s][debug][gc,heap] GC(12)   class space    used 682K, committed 768K, reserved 1048576K
[1,112s][debug][gc,heap] GC(13) Heap before GC invocations=13 (full 0):
[1,112s][debug][gc,heap] GC(13)  garbage-first heap   total 32768K, used 25888K [0x00000000fe000000, 0x0000000100000000)
[1,112s][debug][gc,heap] GC(13)   region size 1024K, 19 young (19456K), 0 survivors (0K)
[1,112s][debug][gc,heap] GC(13)  Metaspace       used 5904K, committed 6080K, reserved 1114112K
[1,112s][debug][gc,heap] GC(13)   class space    used 682K, committed 768K, reserved 1048576K
[1,112s][info ][gc,heap] GC(13) Eden regions: 19->0(22)
[1,112s][info ][gc,heap] GC(13) Survivor regions: 0->0(3)
[1,112s][info ][gc,heap] GC(13) Old regions: 3->3
[1,112s][info ][gc,heap] GC(13) Archive regions: 2->2
[1,112s][info ][gc,heap] GC(13) Humongous regions: 4->4
[1,112s][debug][gc,heap] GC(13) Heap after GC invocations=14 (full 0):
[1,112s][debug][gc,heap] GC(13)  garbage-first heap   total 32768K, used 7456K [0x00000000fe000000, 0x0000000100000000)
[1,112s][debug][gc,heap] GC(13)   region size 1024K, 0 young (0K), 0 survivors (0K)
[1,112s][debug][gc,heap] GC(13)  Metaspace       used 5904K, committed 6080K, reserved 1114112K
[1,112s][debug][gc,heap] GC(13)   class space    used 682K, committed 768K, reserved 1048576K
[1,113s][debug][gc,heap] GC(14) Heap before GC invocations=14 (full 0):
[1,113s][debug][gc,heap] GC(14)  garbage-first heap   total 32768K, used 27936K [0x00000000fe000000, 0x0000000100000000)
[1,113s][debug][gc,heap] GC(14)   region size 1024K, 22 young (22528K), 0 survivors (0K)
[1,113s][debug][gc,heap] GC(14)  Metaspace       used 5904K, committed 6080K, reserved 1114112K
[1,113s][debug][gc,heap] GC(14)   class space    used 682K, committed 768K, reserved 1048576K
[1,113s][info ][gc,heap] GC(14) Eden regions: 22->0(23)
[1,113s][info ][gc,heap] GC(14) Survivor regions: 0->0(1)
[1,113s][info ][gc,heap] GC(14) Old regions: 3->3
[1,113s][info ][gc,heap] GC(14) Archive regions: 2->2
[1,113s][info ][gc,heap] GC(14) Humongous regions: 4->4
[1,113s][debug][gc,heap] GC(14) Heap after GC invocations=15 (full 0):
[1,113s][debug][gc,heap] GC(14)  garbage-first heap   total 32768K, used 7456K [0x00000000fe000000, 0x0000000100000000)
[1,113s][debug][gc,heap] GC(14)   region size 1024K, 0 young (0K), 0 survivors (0K)
[1,113s][debug][gc,heap] GC(14)  Metaspace       used 5904K, committed 6080K, reserved 1114112K
[1,113s][debug][gc,heap] GC(14)   class space    used 682K, committed 768K, reserved 1048576K
[1,114s][debug][gc,heap] GC(15) Heap before GC invocations=15 (full 0):
[1,114s][debug][gc,heap] GC(15)  garbage-first heap   total 32768K, used 27936K [0x00000000fe000000, 0x0000000100000000)
[1,114s][debug][gc,heap] GC(15)   region size 1024K, 22 young (22528K), 0 survivors (0K)
[1,114s][debug][gc,heap] GC(15)  Metaspace       used 5904K, committed 6080K, reserved 1114112K
[1,114s][debug][gc,heap] GC(15)   class space    used 682K, committed 768K, reserved 1048576K
[1,115s][info ][gc,heap] GC(15) Eden regions: 22->0(21)
[1,115s][info ][gc,heap] GC(15) Survivor regions: 0->0(1)
[1,115s][info ][gc,heap] GC(15) Old regions: 3->3
[1,115s][info ][gc,heap] GC(15) Archive regions: 2->2
[1,115s][info ][gc,heap] GC(15) Humongous regions: 4->4
[1,115s][debug][gc,heap] GC(15) Heap after GC invocations=16 (full 0):
[1,115s][debug][gc,heap] GC(15)  garbage-first heap   total 32768K, used 7456K [0x00000000fe000000, 0x0000000100000000)
[1,115s][debug][gc,heap] GC(15)   region size 1024K, 0 young (0K), 0 survivors (0K)
[1,115s][debug][gc,heap] GC(15)  Metaspace       used 5904K, committed 6080K, reserved 1114112K
[1,115s][debug][gc,heap] GC(15)   class space    used 682K, committed 768K, reserved 1048576K
[1,616s][debug][gc,heap] GC(16) Heap before GC invocations=16 (full 0):
[1,616s][debug][gc,heap] GC(16)  garbage-first heap   total 32768K, used 27936K [0x00000000fe000000, 0x0000000100000000)
[1,616s][debug][gc,heap] GC(16)   region size 1024K, 20 young (20480K), 0 survivors (0K)
[1,616s][debug][gc,heap] GC(16)  Metaspace       used 5911K, committed 6080K, reserved 1114112K
[1,616s][debug][gc,heap] GC(16)   class space    used 682K, committed 768K, reserved 1048576K
[1,617s][info ][gc,heap] GC(16) Eden regions: 20->0(17)
[1,617s][info ][gc,heap] GC(16) Survivor regions: 0->1(1)
[1,617s][info ][gc,heap] GC(16) Old regions: 3->3
[1,617s][info ][gc,heap] GC(16) Archive regions: 2->2
[1,617s][info ][gc,heap] GC(16) Humongous regions: 6->6
[1,617s][debug][gc,heap] GC(16) Heap after GC invocations=17 (full 0):
[1,617s][debug][gc,heap] GC(16)  garbage-first heap   total 32768K, used 9508K [0x00000000fe000000, 0x0000000100000000)
[1,617s][debug][gc,heap] GC(16)   region size 1024K, 1 young (1024K), 1 survivors (1024K)
[1,617s][debug][gc,heap] GC(16)  Metaspace       used 5911K, committed 6080K, reserved 1114112K
[1,617s][debug][gc,heap] GC(16)   class space    used 682K, committed 768K, reserved 1048576K
[1,617s][debug][gc,heap] GC(17) Heap before GC invocations=17 (full 0):
[1,617s][debug][gc,heap] GC(17)  garbage-first heap   total 32768K, used 25892K [0x00000000fe000000, 0x0000000100000000)
[1,617s][debug][gc,heap] GC(17)   region size 1024K, 18 young (18432K), 1 survivors (1024K)
[1,617s][debug][gc,heap] GC(17)  Metaspace       used 5911K, committed 6080K, reserved 1114112K
[1,617s][debug][gc,heap] GC(17)   class space    used 682K, committed 768K, reserved 1048576K
[1,618s][info ][gc,heap] GC(17) Eden regions: 17->0(21)
[1,618s][info ][gc,heap] GC(17) Survivor regions: 1->1(3)
[1,618s][info ][gc,heap] GC(17) Old regions: 3->3
[1,618s][info ][gc,heap] GC(17) Archive regions: 2->2
[1,618s][info ][gc,heap] GC(17) Humongous regions: 6->6
[1,618s][debug][gc,heap] GC(17) Heap after GC invocations=18 (full 0):
[1,618s][debug][gc,heap] GC(17)  garbage-first heap   total 32768K, used 9508K [0x00000000fe000000, 0x0000000100000000)
[1,618s][debug][gc,heap] GC(17)   region size 1024K, 1 young (1024K), 1 survivors (1024K)
[1,618s][debug][gc,heap] GC(17)  Metaspace       used 5911K, committed 6080K, reserved 1114112K
[1,618s][debug][gc,heap] GC(17)   class space    used 682K, committed 768K, reserved 1048576K
[1,618s][debug][gc,heap] GC(18) Heap before GC invocations=18 (full 0):
[1,618s][debug][gc,heap] GC(18)  garbage-first heap   total 32768K, used 26916K [0x00000000fe000000, 0x0000000100000000)
[1,618s][debug][gc,heap] GC(18)   region size 1024K, 20 young (20480K), 1 survivors (1024K)
[1,618s][debug][gc,heap] GC(18)  Metaspace       used 5911K, committed 6080K, reserved 1114112K
[1,618s][debug][gc,heap] GC(18)   class space    used 682K, committed 768K, reserved 1048576K
[1,618s][info ][gc,heap] GC(18) Eden regions: 19->0(23)
[1,618s][info ][gc,heap] GC(18) Survivor regions: 1->1(1)
[1,618s][info ][gc,heap] GC(18) Old regions: 3->3
[1,618s][info ][gc,heap] GC(18) Archive regions: 2->2
[1,618s][info ][gc,heap] GC(18) Humongous regions: 6->6
[1,618s][debug][gc,heap] GC(18) Heap after GC invocations=19 (full 0):
[1,618s][debug][gc,heap] GC(18)  garbage-first heap   total 32768K, used 9508K [0x00000000fe000000, 0x0000000100000000)
[1,618s][debug][gc,heap] GC(18)   region size 1024K, 1 young (1024K), 1 survivors (1024K)
[1,618s][debug][gc,heap] GC(18)  Metaspace       used 5911K, committed 6080K, reserved 1114112K
[1,618s][debug][gc,heap] GC(18)   class space    used 682K, committed 768K, reserved 1048576K
[1,619s][debug][gc,heap] GC(19) Heap before GC invocations=19 (full 0):
[1,619s][debug][gc,heap] GC(19)  garbage-first heap   total 32768K, used 26916K [0x00000000fe000000, 0x0000000100000000)
[1,619s][debug][gc,heap] GC(19)   region size 1024K, 20 young (20480K), 1 survivors (1024K)
[1,619s][debug][gc,heap] GC(19)  Metaspace       used 5911K, committed 6080K, reserved 1114112K
[1,619s][debug][gc,heap] GC(19)   class space    used 682K, committed 768K, reserved 1048576K
[1,619s][info ][gc,heap] GC(19) Eden regions: 19->0(26)
[1,619s][info ][gc,heap] GC(19) Survivor regions: 1->1(1)
[1,619s][info ][gc,heap] GC(19) Old regions: 3->3
[1,619s][info ][gc,heap] GC(19) Archive regions: 2->2
[1,619s][info ][gc,heap] GC(19) Humongous regions: 6->6
[1,619s][debug][gc,heap] GC(19) Heap after GC invocations=20 (full 0):
[1,619s][debug][gc,heap] GC(19)  garbage-first heap   total 32768K, used 9508K [0x00000000fe000000, 0x0000000100000000)
[1,619s][debug][gc,heap] GC(19)   region size 1024K, 1 young (1024K), 1 survivors (1024K)
[1,619s][debug][gc,heap] GC(19)  Metaspace       used 5911K, committed 6080K, reserved 1114112K
[1,619s][debug][gc,heap] GC(19)   class space    used 682K, committed 768K, reserved 1048576K
[1,620s][debug][gc,heap] GC(20) Heap before GC invocations=20 (full 0):
[1,620s][debug][gc,heap] GC(20)  garbage-first heap   total 32768K, used 26916K [0x00000000fe000000, 0x0000000100000000)
[1,620s][debug][gc,heap] GC(20)   region size 1024K, 20 young (20480K), 1 survivors (1024K)
[1,620s][debug][gc,heap] GC(20)  Metaspace       used 5911K, committed 6080K, reserved 1114112K
[1,620s][debug][gc,heap] GC(20)   class space    used 682K, committed 768K, reserved 1048576K
[1,620s][info ][gc,heap] GC(20) Eden regions: 19->0(27)
[1,620s][info ][gc,heap] GC(20) Survivor regions: 1->1(1)
[1,620s][info ][gc,heap] GC(20) Old regions: 3->3
[1,620s][info ][gc,heap] GC(20) Archive regions: 2->2
[1,620s][info ][gc,heap] GC(20) Humongous regions: 6->6
[1,620s][debug][gc,heap] GC(20) Heap after GC invocations=21 (full 0):
[1,620s][debug][gc,heap] GC(20)  garbage-first heap   total 32768K, used 9508K [0x00000000fe000000, 0x0000000100000000)
[1,620s][debug][gc,heap] GC(20)   region size 1024K, 1 young (1024K), 1 survivors (1024K)
[1,620s][debug][gc,heap] GC(20)  Metaspace       used 5911K, committed 6080K, reserved 1114112K
[1,620s][debug][gc,heap] GC(20)   class space    used 682K, committed 768K, reserved 1048576K
[1,621s][debug][gc,heap] GC(21) Heap before GC invocations=21 (full 0):
[1,621s][debug][gc,heap] GC(21)  garbage-first heap   total 32768K, used 26916K [0x00000000fe000000, 0x0000000100000000)
[1,621s][debug][gc,heap] GC(21)   region size 1024K, 20 young (20480K), 1 survivors (1024K)
[1,621s][debug][gc,heap] GC(21)  Metaspace       used 5911K, committed 6080K, reserved 1114112K
[1,621s][debug][gc,heap] GC(21)   class space    used 682K, committed 768K, reserved 1048576K
[1,621s][info ][gc,heap] GC(21) Eden regions: 19->0(28)
[1,621s][info ][gc,heap] GC(21) Survivor regions: 1->1(1)
[1,621s][info ][gc,heap] GC(21) Old regions: 3->3
[1,621s][info ][gc,heap] GC(21) Archive regions: 2->2
[1,621s][info ][gc,heap] GC(21) Humongous regions: 6->6
[1,621s][debug][gc,heap] GC(21) Heap after GC invocations=22 (full 0):
[1,621s][debug][gc,heap] GC(21)  garbage-first heap   total 32768K, used 9508K [0x00000000fe000000, 0x0000000100000000)
[1,621s][debug][gc,heap] GC(21)   region size 1024K, 1 young (1024K), 1 survivors (1024K)
[1,621s][debug][gc,heap] GC(21)  Metaspace       used 5911K, committed 6080K, reserved 1114112K
[1,621s][debug][gc,heap] GC(21)   class space    used 682K, committed 768K, reserved 1048576K
[2,122s][debug][gc,heap] GC(22) Heap before GC invocations=22 (full 0):
[2,122s][debug][gc,heap] GC(22)  garbage-first heap   total 32768K, used 26916K [0x00000000fe000000, 0x0000000100000000)
[2,122s][debug][gc,heap] GC(22)   region size 1024K, 18 young (18432K), 1 survivors (1024K)
[2,122s][debug][gc,heap] GC(22)  Metaspace       used 5911K, committed 6080K, reserved 1114112K
[2,122s][debug][gc,heap] GC(22)   class space    used 682K, committed 768K, reserved 1048576K
[2,122s][info ][gc,heap] GC(22) Eden regions: 17->0(24)
[2,122s][info ][gc,heap] GC(22) Survivor regions: 1->1(1)
[2,122s][info ][gc,heap] GC(22) Old regions: 3->3
[2,122s][info ][gc,heap] GC(22) Archive regions: 2->2
[2,122s][info ][gc,heap] GC(22) Humongous regions: 8->8
[2,122s][debug][gc,heap] GC(22) Heap after GC invocations=23 (full 0):
[2,122s][debug][gc,heap] GC(22)  garbage-first heap   total 32768K, used 11556K [0x00000000fe000000, 0x0000000100000000)
[2,122s][debug][gc,heap] GC(22)   region size 1024K, 1 young (1024K), 1 survivors (1024K)
[2,122s][debug][gc,heap] GC(22)  Metaspace       used 5911K, committed 6080K, reserved 1114112K
[2,122s][debug][gc,heap] GC(22)   class space    used 682K, committed 768K, reserved 1048576K
[2,123s][debug][gc,heap] GC(23) Heap before GC invocations=23 (full 0):
[2,123s][debug][gc,heap] GC(23)  garbage-first heap   total 32768K, used 26916K [0x00000000fe000000, 0x0000000100000000)
[2,123s][debug][gc,heap] GC(23)   region size 1024K, 18 young (18432K), 1 survivors (1024K)
[2,123s][debug][gc,heap] GC(23)  Metaspace       used 5911K, committed 6080K, reserved 1114112K
[2,123s][debug][gc,heap] GC(23)   class space    used 682K, committed 768K, reserved 1048576K
[2,123s][info ][gc,heap] GC(23) Eden regions: 17->0(24)
[2,123s][info ][gc,heap] GC(23) Survivor regions: 1->1(1)
[2,123s][info ][gc,heap] GC(23) Old regions: 3->3
[2,123s][info ][gc,heap] GC(23) Archive regions: 2->2
[2,123s][info ][gc,heap] GC(23) Humongous regions: 8->8
[2,123s][debug][gc,heap] GC(23) Heap after GC invocations=24 (full 0):
[2,123s][debug][gc,heap] GC(23)  garbage-first heap   total 32768K, used 11556K [0x00000000fe000000, 0x0000000100000000)
[2,123s][debug][gc,heap] GC(23)   region size 1024K, 1 young (1024K), 1 survivors (1024K)
[2,123s][debug][gc,heap] GC(23)  Metaspace       used 5911K, committed 6080K, reserved 1114112K
[2,123s][debug][gc,heap] GC(23)   class space    used 682K, committed 768K, reserved 1048576K
[2,124s][debug][gc,heap] GC(24) Heap before GC invocations=24 (full 0):
[2,124s][debug][gc,heap] GC(24)  garbage-first heap   total 32768K, used 26916K [0x00000000fe000000, 0x0000000100000000)
[2,124s][debug][gc,heap] GC(24)   region size 1024K, 18 young (18432K), 1 survivors (1024K)
[2,124s][debug][gc,heap] GC(24)  Metaspace       used 5911K, committed 6080K, reserved 1114112K
[2,124s][debug][gc,heap] GC(24)   class space    used 682K, committed 768K, reserved 1048576K
[2,124s][info ][gc,heap] GC(24) Eden regions: 17->0(26)
[2,124s][info ][gc,heap] GC(24) Survivor regions: 1->1(1)
[2,124s][info ][gc,heap] GC(24) Old regions: 3->3
[2,124s][info ][gc,heap] GC(24) Archive regions: 2->2
[2,124s][info ][gc,heap] GC(24) Humongous regions: 8->8
[2,124s][debug][gc,heap] GC(24) Heap after GC invocations=25 (full 0):
[2,124s][debug][gc,heap] GC(24)  garbage-first heap   total 32768K, used 11556K [0x00000000fe000000, 0x0000000100000000)
[2,124s][debug][gc,heap] GC(24)   region size 1024K, 1 young (1024K), 1 survivors (1024K)
[2,124s][debug][gc,heap] GC(24)  Metaspace       used 5911K, committed 6080K, reserved 1114112K
[2,124s][debug][gc,heap] GC(24)   class space    used 682K, committed 768K, reserved 1048576K
[2,125s][debug][gc,heap] GC(25) Heap before GC invocations=25 (full 0):
[2,125s][debug][gc,heap] GC(25)  garbage-first heap   total 32768K, used 26916K [0x00000000fe000000, 0x0000000100000000)
[2,125s][debug][gc,heap] GC(25)   region size 1024K, 18 young (18432K), 1 survivors (1024K)
[2,125s][debug][gc,heap] GC(25)  Metaspace       used 5911K, committed 6080K, reserved 1114112K
[2,125s][debug][gc,heap] GC(25)   class space    used 682K, committed 768K, reserved 1048576K
[2,125s][info ][gc,heap] GC(25) Eden regions: 17->0(26)
[2,125s][info ][gc,heap] GC(25) Survivor regions: 1->1(1)
[2,125s][info ][gc,heap] GC(25) Old regions: 3->3
[2,125s][info ][gc,heap] GC(25) Archive regions: 2->2
[2,125s][info ][gc,heap] GC(25) Humongous regions: 8->8
[2,125s][debug][gc,heap] GC(25) Heap after GC invocations=26 (full 0):
[2,125s][debug][gc,heap] GC(25)  garbage-first heap   total 32768K, used 11556K [0x00000000fe000000, 0x0000000100000000)
[2,125s][debug][gc,heap] GC(25)   region size 1024K, 1 young (1024K), 1 survivors (1024K)
[2,125s][debug][gc,heap] GC(25)  Metaspace       used 5911K, committed 6080K, reserved 1114112K
[2,125s][debug][gc,heap] GC(25)   class space    used 682K, committed 768K, reserved 1048576K
[2,126s][debug][gc,heap] GC(26) Heap before GC invocations=26 (full 0):
[2,126s][debug][gc,heap] GC(26)  garbage-first heap   total 32768K, used 26916K [0x00000000fe000000, 0x0000000100000000)
[2,126s][debug][gc,heap] GC(26)   region size 1024K, 18 young (18432K), 1 survivors (1024K)
[2,126s][debug][gc,heap] GC(26)  Metaspace       used 5911K, committed 6080K, reserved 1114112K
[2,126s][debug][gc,heap] GC(26)   class space    used 682K, committed 768K, reserved 1048576K
[2,126s][info ][gc,heap] GC(26) Eden regions: 17->0(24)
[2,126s][info ][gc,heap] GC(26) Survivor regions: 1->1(1)
[2,126s][info ][gc,heap] GC(26) Old regions: 3->3
[2,126s][info ][gc,heap] GC(26) Archive regions: 2->2
[2,126s][info ][gc,heap] GC(26) Humongous regions: 8->8
[2,126s][debug][gc,heap] GC(26) Heap after GC invocations=27 (full 0):
[2,126s][debug][gc,heap] GC(26)  garbage-first heap   total 32768K, used 11556K [0x00000000fe000000, 0x0000000100000000)
[2,126s][debug][gc,heap] GC(26)   region size 1024K, 1 young (1024K), 1 survivors (1024K)
[2,126s][debug][gc,heap] GC(26)  Metaspace       used 5911K, committed 6080K, reserved 1114112K
[2,126s][debug][gc,heap] GC(26)   class space    used 682K, committed 768K, reserved 1048576K
[2,127s][debug][gc,heap] GC(27) Heap before GC invocations=27 (full 0):
[2,127s][debug][gc,heap] GC(27)  garbage-first heap   total 32768K, used 26916K [0x00000000fe000000, 0x0000000100000000)
[2,127s][debug][gc,heap] GC(27)   region size 1024K, 18 young (18432K), 1 survivors (1024K)
[2,127s][debug][gc,heap] GC(27)  Metaspace       used 5911K, committed 6080K, reserved 1114112K
[2,127s][debug][gc,heap] GC(27)   class space    used 682K, committed 768K, reserved 1048576K
[2,127s][info ][gc,heap] GC(27) Eden regions: 17->0(23)
[2,127s][info ][gc,heap] GC(27) Survivor regions: 1->1(1)
[2,127s][info ][gc,heap] GC(27) Old regions: 3->3
[2,127s][info ][gc,heap] GC(27) Archive regions: 2->2
[2,127s][info ][gc,heap] GC(27) Humongous regions: 8->8
[2,127s][debug][gc,heap] GC(27) Heap after GC invocations=28 (full 0):
[2,127s][debug][gc,heap] GC(27)  garbage-first heap   total 32768K, used 11556K [0x00000000fe000000, 0x0000000100000000)
[2,127s][debug][gc,heap] GC(27)   region size 1024K, 1 young (1024K), 1 survivors (1024K)
[2,127s][debug][gc,heap] GC(27)  Metaspace       used 5911K, committed 6080K, reserved 1114112K
[2,127s][debug][gc,heap] GC(27)   class space    used 682K, committed 768K, reserved 1048576K
[2,628s][debug][gc,heap] GC(28) Heap before GC invocations=28 (full 0):
[2,628s][debug][gc,heap] GC(28)  garbage-first heap   total 32768K, used 26916K [0x00000000fe000000, 0x0000000100000000)
[2,628s][debug][gc,heap] GC(28)   region size 1024K, 16 young (16384K), 1 survivors (1024K)
[2,628s][debug][gc,heap] GC(28)  Metaspace       used 5941K, committed 6144K, reserved 1114112K
[2,628s][debug][gc,heap] GC(28)   class space    used 683K, committed 768K, reserved 1048576K
[2,628s][info ][gc,heap] GC(28) Eden regions: 15->0(20)
[2,628s][info ][gc,heap] GC(28) Survivor regions: 1->1(1)
[2,628s][info ][gc,heap] GC(28) Old regions: 3->3
[2,628s][info ][gc,heap] GC(28) Archive regions: 2->2
[2,628s][info ][gc,heap] GC(28) Humongous regions: 10->10
[2,628s][debug][gc,heap] GC(28) Heap after GC invocations=29 (full 0):
[2,628s][debug][gc,heap] GC(28)  garbage-first heap   total 32768K, used 13606K [0x00000000fe000000, 0x0000000100000000)
[2,628s][debug][gc,heap] GC(28)   region size 1024K, 1 young (1024K), 1 survivors (1024K)
[2,628s][debug][gc,heap] GC(28)  Metaspace       used 5941K, committed 6144K, reserved 1114112K
[2,628s][debug][gc,heap] GC(28)   class space    used 683K, committed 768K, reserved 1048576K
[2,629s][debug][gc,heap] GC(29) Heap before GC invocations=29 (full 0):
[2,629s][debug][gc,heap] GC(29)  garbage-first heap   total 32768K, used 26918K [0x00000000fe000000, 0x0000000100000000)
[2,629s][debug][gc,heap] GC(29)   region size 1024K, 16 young (16384K), 1 survivors (1024K)
[2,629s][debug][gc,heap] GC(29)  Metaspace       used 5941K, committed 6144K, reserved 1114112K
[2,629s][debug][gc,heap] GC(29)   class space    used 683K, committed 768K, reserved 1048576K
[2,630s][info ][gc,heap] GC(29) Eden regions: 15->0(20)
[2,630s][info ][gc,heap] GC(29) Survivor regions: 1->1(1)
[2,630s][info ][gc,heap] GC(29) Old regions: 3->3
[2,630s][info ][gc,heap] GC(29) Archive regions: 2->2
[2,630s][info ][gc,heap] GC(29) Humongous regions: 10->10
[2,630s][debug][gc,heap] GC(29) Heap after GC invocations=30 (full 0):
[2,630s][debug][gc,heap] GC(29)  garbage-first heap   total 32768K, used 13606K [0x00000000fe000000, 0x0000000100000000)
[2,630s][debug][gc,heap] GC(29)   region size 1024K, 1 young (1024K), 1 survivors (1024K)
[2,630s][debug][gc,heap] GC(29)  Metaspace       used 5941K, committed 6144K, reserved 1114112K
[2,630s][debug][gc,heap] GC(29)   class space    used 683K, committed 768K, reserved 1048576K
[2,630s][debug][gc,heap] GC(31) Heap before GC invocations=30 (full 0):
[2,630s][debug][gc,heap] GC(31)  garbage-first heap   total 32768K, used 26918K [0x00000000fe000000, 0x0000000100000000)
[2,630s][debug][gc,heap] GC(31)   region size 1024K, 16 young (16384K), 1 survivors (1024K)
[2,630s][debug][gc,heap] GC(31)  Metaspace       used 5941K, committed 6144K, reserved 1114112K
[2,630s][debug][gc,heap] GC(31)   class space    used 683K, committed 768K, reserved 1048576K
[2,631s][info ][gc,heap] GC(31) Eden regions: 15->0(21)
[2,631s][info ][gc,heap] GC(31) Survivor regions: 1->1(1)
[2,631s][info ][gc,heap] GC(31) Old regions: 3->3
[2,631s][info ][gc,heap] GC(31) Archive regions: 2->2
[2,631s][info ][gc,heap] GC(31) Humongous regions: 10->10
[2,631s][debug][gc,heap] GC(31) Heap after GC invocations=31 (full 0):
[2,631s][debug][gc,heap] GC(31)  garbage-first heap   total 32768K, used 13604K [0x00000000fe000000, 0x0000000100000000)
[2,631s][debug][gc,heap] GC(31)   region size 1024K, 1 young (1024K), 1 survivors (1024K)
[2,631s][debug][gc,heap] GC(31)  Metaspace       used 5941K, committed 6144K, reserved 1114112K
[2,631s][debug][gc,heap] GC(31)   class space    used 683K, committed 768K, reserved 1048576K
[2,631s][debug][gc,heap] GC(32) Heap before GC invocations=31 (full 0):
[2,631s][debug][gc,heap] GC(32)  garbage-first heap   total 32768K, used 26916K [0x00000000fe000000, 0x0000000100000000)
[2,631s][debug][gc,heap] GC(32)   region size 1024K, 16 young (16384K), 1 survivors (1024K)
[2,631s][debug][gc,heap] GC(32)  Metaspace       used 5941K, committed 6144K, reserved 1114112K
[2,631s][debug][gc,heap] GC(32)   class space    used 683K, committed 768K, reserved 1048576K
[2,631s][info ][gc,heap] GC(32) Eden regions: 15->0(22)
[2,631s][info ][gc,heap] GC(32) Survivor regions: 1->1(1)
[2,631s][info ][gc,heap] GC(32) Old regions: 3->3
[2,631s][info ][gc,heap] GC(32) Archive regions: 2->2
[2,631s][info ][gc,heap] GC(32) Humongous regions: 10->10
[2,631s][debug][gc,heap] GC(32) Heap after GC invocations=32 (full 0):
[2,631s][debug][gc,heap] GC(32)  garbage-first heap   total 32768K, used 13609K [0x00000000fe000000, 0x0000000100000000)
[2,631s][debug][gc,heap] GC(32)   region size 1024K, 1 young (1024K), 1 survivors (1024K)
[2,631s][debug][gc,heap] GC(32)  Metaspace       used 5941K, committed 6144K, reserved 1114112K
[2,631s][debug][gc,heap] GC(32)   class space    used 683K, committed 768K, reserved 1048576K
[2,632s][debug][gc,heap] GC(33) Heap before GC invocations=32 (full 0):
[2,632s][debug][gc,heap] GC(33)  garbage-first heap   total 32768K, used 26921K [0x00000000fe000000, 0x0000000100000000)
[2,632s][debug][gc,heap] GC(33)   region size 1024K, 16 young (16384K), 1 survivors (1024K)
[2,632s][debug][gc,heap] GC(33)  Metaspace       used 5941K, committed 6144K, reserved 1114112K
[2,632s][debug][gc,heap] GC(33)   class space    used 683K, committed 768K, reserved 1048576K
[2,632s][info ][gc,heap] GC(33) Eden regions: 15->0(23)
[2,632s][info ][gc,heap] GC(33) Survivor regions: 1->1(1)
[2,632s][info ][gc,heap] GC(33) Old regions: 3->3
[2,632s][info ][gc,heap] GC(33) Archive regions: 2->2
[2,632s][info ][gc,heap] GC(33) Humongous regions: 10->10
[2,632s][debug][gc,heap] GC(33) Heap after GC invocations=33 (full 0):
[2,632s][debug][gc,heap] GC(33)  garbage-first heap   total 32768K, used 13609K [0x00000000fe000000, 0x0000000100000000)
[2,632s][debug][gc,heap] GC(33)   region size 1024K, 1 young (1024K), 1 survivors (1024K)
[2,632s][debug][gc,heap] GC(33)  Metaspace       used 5941K, committed 6144K, reserved 1114112K
[2,632s][debug][gc,heap] GC(33)   class space    used 683K, committed 768K, reserved 1048576K
[2,634s][debug][gc,heap] GC(34) Heap before GC invocations=33 (full 0):
[2,634s][debug][gc,heap] GC(34)  garbage-first heap   total 32768K, used 26921K [0x00000000fe000000, 0x0000000100000000)
[2,634s][debug][gc,heap] GC(34)   region size 1024K, 16 young (16384K), 1 survivors (1024K)
[2,634s][debug][gc,heap] GC(34)  Metaspace       used 5941K, committed 6144K, reserved 1114112K
[2,634s][debug][gc,heap] GC(34)   class space    used 683K, committed 768K, reserved 1048576K
[2,634s][info ][gc,heap] GC(34) Eden regions: 15->0(21)
[2,634s][info ][gc,heap] GC(34) Survivor regions: 1->1(1)
[2,634s][info ][gc,heap] GC(34) Old regions: 3->3
[2,634s][info ][gc,heap] GC(34) Archive regions: 2->2
[2,634s][info ][gc,heap] GC(34) Humongous regions: 10->10
[2,634s][debug][gc,heap] GC(34) Heap after GC invocations=34 (full 0):
[2,634s][debug][gc,heap] GC(34)  garbage-first heap   total 32768K, used 13609K [0x00000000fe000000, 0x0000000100000000)
[2,634s][debug][gc,heap] GC(34)   region size 1024K, 1 young (1024K), 1 survivors (1024K)
[2,634s][debug][gc,heap] GC(34)  Metaspace       used 5941K, committed 6144K, reserved 1114112K
[2,634s][debug][gc,heap] GC(34)   class space    used 683K, committed 768K, reserved 1048576K
[2,635s][debug][gc,heap] GC(35) Heap before GC invocations=35 (full 0):
[2,635s][debug][gc,heap] GC(35)  garbage-first heap   total 32768K, used 26921K [0x00000000fe000000, 0x0000000100000000)
[2,635s][debug][gc,heap] GC(35)   region size 1024K, 16 young (16384K), 1 survivors (1024K)
[2,635s][debug][gc,heap] GC(35)  Metaspace       used 5941K, committed 6144K, reserved 1114112K
[2,635s][debug][gc,heap] GC(35)   class space    used 683K, committed 768K, reserved 1048576K
[2,635s][info ][gc,heap] GC(35) Eden regions: 15->0(22)
[2,635s][info ][gc,heap] GC(35) Survivor regions: 1->1(1)
[2,635s][info ][gc,heap] GC(35) Old regions: 3->3
[2,635s][info ][gc,heap] GC(35) Archive regions: 2->2
[2,635s][info ][gc,heap] GC(35) Humongous regions: 10->10
[2,635s][debug][gc,heap] GC(35) Heap after GC invocations=36 (full 0):
[2,635s][debug][gc,heap] GC(35)  garbage-first heap   total 32768K, used 13609K [0x00000000fe000000, 0x0000000100000000)
[2,635s][debug][gc,heap] GC(35)   region size 1024K, 1 young (1024K), 1 survivors (1024K)
[2,635s][debug][gc,heap] GC(35)  Metaspace       used 5941K, committed 6144K, reserved 1114112K
[2,635s][debug][gc,heap] GC(35)   class space    used 683K, committed 768K, reserved 1048576K
